#-----------------------------------------------------------
# Webtalk v2019.2 (64-bit)
# SW Build 2708876 on Wed Nov  6 21:40:23 MST 2019
# IP Build 2700528 on Thu Nov  7 00:09:20 MST 2019
# Start of session at: Mon Feb 20 22:20:46 2023
# Process ID: 8560
# Current directory: C:/Workplace/DSDLab/Lab02/ex1_full_adder/ex1_full_adder.sim/sim_1/synth/timing/xsim
# Command line: wbtcv.exe -mode batch -source C:/Workplace/DSDLab/Lab02/ex1_full_adder/ex1_full_adder.sim/sim_1/synth/timing/xsim/xsim.dir/full_adder_1bit_tb_time_synth/webtalk/xsim_webtalk.tcl -notrace
# Log file: C:/Workplace/DSDLab/Lab02/ex1_full_adder/ex1_full_adder.sim/sim_1/synth/timing/xsim/webtalk.log
# Journal file: C:/Workplace/DSDLab/Lab02/ex1_full_adder/ex1_full_adder.sim/sim_1/synth/timing/xsim\webtalk.jou
#-----------------------------------------------------------
source C:/Workplace/DSDLab/Lab02/ex1_full_adder/ex1_full_adder.sim/sim_1/synth/timing/xsim/xsim.dir/full_adder_1bit_tb_time_synth/webtalk/xsim_webtalk.tcl -notrace
