#-----------------------------------------------------------
# Webtalk v2019.2 (64-bit)
# SW Build 2708876 on Wed Nov  6 21:40:23 MST 2019
# IP Build 2700528 on Thu Nov  7 00:09:20 MST 2019
# Start of session at: Sun Mar 12 22:36:19 2023
# Process ID: 23092
# Current directory: C:/Workplace/SUSTech-EE332-Digital-System-Designing-Laboratory/Lab02/ex3_16_to_4_priority_encoder/ex3_16_to_4_priority_encoder.sim/sim_1/impl/timing/xsim
# Command line: wbtcv.exe -mode batch -source C:/Workplace/SUSTech-EE332-Digital-System-Designing-Laboratory/Lab02/ex3_16_to_4_priority_encoder/ex3_16_to_4_priority_encoder.sim/sim_1/impl/timing/xsim/xsim.dir/top_module_tb_time_impl/webtalk/xsim_webtalk.tcl -notrace
# Log file: C:/Workplace/SUSTech-EE332-Digital-System-Designing-Laboratory/Lab02/ex3_16_to_4_priority_encoder/ex3_16_to_4_priority_encoder.sim/sim_1/impl/timing/xsim/webtalk.log
# Journal file: C:/Workplace/SUSTech-EE332-Digital-System-Designing-Laboratory/Lab02/ex3_16_to_4_priority_encoder/ex3_16_to_4_priority_encoder.sim/sim_1/impl/timing/xsim\webtalk.jou
#-----------------------------------------------------------
source C:/Workplace/SUSTech-EE332-Digital-System-Designing-Laboratory/Lab02/ex3_16_to_4_priority_encoder/ex3_16_to_4_priority_encoder.sim/sim_1/impl/timing/xsim/xsim.dir/top_module_tb_time_impl/webtalk/xsim_webtalk.tcl -notrace
